---
source: crates/stackable-versioned-macros/src/lib.rs
expression: formatted
input_file: crates/stackable-versioned-macros/tests/inputs/k8s/pass/renamed_kind.rs
---
#[automatically_derived]
pub mod v1alpha1 {
    use super::*;
    #[derive(
        Clone,
        Debug,
        serde::Deserialize,
        serde::Serialize,
        schemars::JsonSchema,
        kube::CustomResource,
    )]
    #[kube(group = "stackable.tech", version = "v1alpha1", kind = "FooBar", namespaced)]
    pub struct FooSpec {
        pub baz: bool,
    }
}
#[automatically_derived]
impl ::std::convert::From<v1alpha1::FooSpec> for v1beta1::FooSpec {
    fn from(__sv_foospec: v1alpha1::FooSpec) -> Self {
        Self {
            bah: ::std::default::Default::default(),
            baz: __sv_foospec.baz.into(),
        }
    }
}
#[automatically_derived]
impl ::std::convert::From<v1beta1::FooSpec> for v1alpha1::FooSpec {
    fn from(__sv_foospec: v1beta1::FooSpec) -> Self {
        Self {
            baz: __sv_foospec.baz.into(),
        }
    }
}
#[automatically_derived]
pub mod v1beta1 {
    use super::*;
    #[derive(
        Clone,
        Debug,
        serde::Deserialize,
        serde::Serialize,
        schemars::JsonSchema,
        kube::CustomResource,
    )]
    #[kube(group = "stackable.tech", version = "v1beta1", kind = "FooBar", namespaced)]
    pub struct FooSpec {
        pub bah: usize,
        pub baz: bool,
    }
}
#[automatically_derived]
impl ::std::convert::From<v1beta1::FooSpec> for v1::FooSpec {
    fn from(__sv_foospec: v1beta1::FooSpec) -> Self {
        Self {
            bar: __sv_foospec.bah.into(),
            baz: __sv_foospec.baz.into(),
        }
    }
}
#[automatically_derived]
impl ::std::convert::From<v1::FooSpec> for v1beta1::FooSpec {
    fn from(__sv_foospec: v1::FooSpec) -> Self {
        Self {
            bah: __sv_foospec.bar.into(),
            baz: __sv_foospec.baz.into(),
        }
    }
}
#[automatically_derived]
pub mod v1 {
    use super::*;
    #[derive(
        Clone,
        Debug,
        serde::Deserialize,
        serde::Serialize,
        schemars::JsonSchema,
        kube::CustomResource,
    )]
    #[kube(group = "stackable.tech", version = "v1", kind = "FooBar", namespaced)]
    pub struct FooSpec {
        pub bar: usize,
        pub baz: bool,
    }
}
#[automatically_derived]
pub enum FooBar {
    V1Alpha1(v1alpha1::FooBar),
    V1Beta1(v1beta1::FooBar),
    V1(v1::FooBar),
}
#[automatically_derived]
impl FooBar {
    /// Generates a merged CRD containing all versions and marking `stored_apiversion` as stored.
    pub fn merged_crd(
        stored_apiversion: FooBarVersion,
    ) -> ::std::result::Result<
        ::k8s_openapi::apiextensions_apiserver::pkg::apis::apiextensions::v1::CustomResourceDefinition,
        ::kube::core::crd::MergeError,
    > {
        ::kube::core::crd::merge_crds(
            vec![
                < v1alpha1::FooBar as ::kube::core::CustomResourceExt > ::crd(), <
                v1beta1::FooBar as ::kube::core::CustomResourceExt > ::crd(), <
                v1::FooBar as ::kube::core::CustomResourceExt > ::crd()
            ],
            stored_apiversion.as_version_str(),
        )
    }
    ///Tries to convert a list of objects of kind [`FooBar`] to the desired API version
    ///specified in the [`ConversionReview`][cr].
    ///
    ///The returned [`ConversionReview`][cr] either indicates a success or a failure, which
    ///is handed back to the Kubernetes API server.
    ///
    ///[cr]: ::kube::core::conversion::ConversionReview
    pub fn try_convert(
        review: ::kube::core::conversion::ConversionReview,
    ) -> ::kube::core::conversion::ConversionReview {
        let request = match ::kube::core::conversion::ConversionRequest::from_review(
            review,
        ) {
            ::std::result::Result::Ok(request) => request,
            ::std::result::Result::Err(err) => {
                return ::kube::core::conversion::ConversionResponse::invalid(::kube::client::Status {
                        status: Some(::kube::core::response::StatusSummary::Failure),
                        message: err.to_string(),
                        reason: err.to_string(),
                        details: None,
                        code: 400,
                    })
                    .into_review();
            }
        };
        let response = match Self::convert_objects(
            request.objects,
            &request.desired_api_version,
        ) {
            ::std::result::Result::Ok(converted_objects) => {
                ::kube::core::conversion::ConversionResponse {
                    result: ::kube::client::Status::success(),
                    types: request.types,
                    uid: request.uid,
                    converted_objects,
                }
            }
            ::std::result::Result::Err(err) => {
                let code = err.http_status_code();
                let message = err.join_errors();
                ::kube::core::conversion::ConversionResponse {
                    result: ::kube::client::Status {
                        status: Some(::kube::core::response::StatusSummary::Failure),
                        message: message.clone(),
                        reason: message,
                        details: None,
                        code,
                    },
                    types: request.types,
                    uid: request.uid,
                    converted_objects: vec![],
                }
            }
        };
        response.into_review()
    }
    fn convert_objects(
        objects: ::std::vec::Vec<::serde_json::Value>,
        desired_api_version: &str,
    ) -> ::std::result::Result<
        ::std::vec::Vec<::serde_json::Value>,
        ::stackable_versioned::ConvertObjectError,
    > {
        let desired_api_version = FooBarVersion::from_api_version(desired_api_version)
            .map_err(|source| ::stackable_versioned::ConvertObjectError::ParseDesiredApiVersion {
                source,
            })?;
        let mut converted_objects = ::std::vec::Vec::with_capacity(objects.len());
        for object in objects {
            let current_object = Self::from_json_object(object.clone())
                .map_err(|source| ::stackable_versioned::ConvertObjectError::Parse {
                    source,
                })?;
            match (current_object, desired_api_version) {
                (Self::V1Alpha1(__sv_foobar), FooBarVersion::V1Beta1) => {
                    let converted: v1beta1::FooSpec = __sv_foobar.spec.into();
                    let desired_object = Self::V1Beta1(v1beta1::FooBar {
                        metadata: __sv_foobar.metadata,
                        spec: converted,
                    });
                    let desired_object = desired_object
                        .into_json_value()
                        .map_err(|source| ::stackable_versioned::ConvertObjectError::Serialize {
                            source,
                        })?;
                    converted_objects.push(desired_object);
                }
                (Self::V1Alpha1(__sv_foobar), FooBarVersion::V1) => {
                    let converted: v1beta1::FooSpec = __sv_foobar.spec.into();
                    let converted: v1::FooSpec = converted.into();
                    let desired_object = Self::V1(v1::FooBar {
                        metadata: __sv_foobar.metadata,
                        spec: converted,
                    });
                    let desired_object = desired_object
                        .into_json_value()
                        .map_err(|source| ::stackable_versioned::ConvertObjectError::Serialize {
                            source,
                        })?;
                    converted_objects.push(desired_object);
                }
                (Self::V1Beta1(__sv_foobar), FooBarVersion::V1Alpha1) => {
                    let converted: v1alpha1::FooSpec = __sv_foobar.spec.into();
                    let desired_object = Self::V1Alpha1(v1alpha1::FooBar {
                        metadata: __sv_foobar.metadata,
                        spec: converted,
                    });
                    let desired_object = desired_object
                        .into_json_value()
                        .map_err(|source| ::stackable_versioned::ConvertObjectError::Serialize {
                            source,
                        })?;
                    converted_objects.push(desired_object);
                }
                (Self::V1Beta1(__sv_foobar), FooBarVersion::V1) => {
                    let converted: v1::FooSpec = __sv_foobar.spec.into();
                    let desired_object = Self::V1(v1::FooBar {
                        metadata: __sv_foobar.metadata,
                        spec: converted,
                    });
                    let desired_object = desired_object
                        .into_json_value()
                        .map_err(|source| ::stackable_versioned::ConvertObjectError::Serialize {
                            source,
                        })?;
                    converted_objects.push(desired_object);
                }
                (Self::V1(__sv_foobar), FooBarVersion::V1Alpha1) => {
                    let converted: v1beta1::FooSpec = __sv_foobar.spec.into();
                    let converted: v1alpha1::FooSpec = converted.into();
                    let desired_object = Self::V1Alpha1(v1alpha1::FooBar {
                        metadata: __sv_foobar.metadata,
                        spec: converted,
                    });
                    let desired_object = desired_object
                        .into_json_value()
                        .map_err(|source| ::stackable_versioned::ConvertObjectError::Serialize {
                            source,
                        })?;
                    converted_objects.push(desired_object);
                }
                (Self::V1(__sv_foobar), FooBarVersion::V1Beta1) => {
                    let converted: v1beta1::FooSpec = __sv_foobar.spec.into();
                    let desired_object = Self::V1Beta1(v1beta1::FooBar {
                        metadata: __sv_foobar.metadata,
                        spec: converted,
                    });
                    let desired_object = desired_object
                        .into_json_value()
                        .map_err(|source| ::stackable_versioned::ConvertObjectError::Serialize {
                            source,
                        })?;
                    converted_objects.push(desired_object);
                }
                (Self::V1Alpha1(_), FooBarVersion::V1Alpha1)
                | (Self::V1Beta1(_), FooBarVersion::V1Beta1)
                | (Self::V1(_), FooBarVersion::V1) => converted_objects.push(object),
            }
        }
        ::std::result::Result::Ok(converted_objects)
    }
    fn from_json_object(
        object_value: ::serde_json::Value,
    ) -> ::std::result::Result<Self, ::stackable_versioned::ParseObjectError> {
        let object_kind = object_value
            .get("kind")
            .ok_or_else(|| ::stackable_versioned::ParseObjectError::FieldMissing {
                field: "kind".to_owned(),
            })?
            .as_str()
            .ok_or_else(|| ::stackable_versioned::ParseObjectError::FieldNotStr {
                field: "kind".to_owned(),
            })?;
        if object_kind != "FooBar" {
            return Err(::stackable_versioned::ParseObjectError::UnexpectedKind {
                kind: object_kind.to_owned(),
                expected: "FooBar".to_owned(),
            });
        }
        let api_version = object_value
            .get("apiVersion")
            .ok_or_else(|| ::stackable_versioned::ParseObjectError::FieldMissing {
                field: "apiVersion".to_owned(),
            })?
            .as_str()
            .ok_or_else(|| ::stackable_versioned::ParseObjectError::FieldNotStr {
                field: "apiVersion".to_owned(),
            })?;
        let object = match api_version {
            "stackable.tech/v1alpha1" => {
                let object = ::serde_json::from_value(object_value)
                    .map_err(|source| ::stackable_versioned::ParseObjectError::Deserialize {
                        source,
                    })?;
                Self::V1Alpha1(object)
            }
            "stackable.tech/v1beta1" => {
                let object = ::serde_json::from_value(object_value)
                    .map_err(|source| ::stackable_versioned::ParseObjectError::Deserialize {
                        source,
                    })?;
                Self::V1Beta1(object)
            }
            "stackable.tech/v1" => {
                let object = ::serde_json::from_value(object_value)
                    .map_err(|source| ::stackable_versioned::ParseObjectError::Deserialize {
                        source,
                    })?;
                Self::V1(object)
            }
            unknown_api_version => {
                return ::std::result::Result::Err(::stackable_versioned::ParseObjectError::UnknownApiVersion {
                    api_version: unknown_api_version.to_owned(),
                });
            }
        };
        ::std::result::Result::Ok(object)
    }
    fn into_json_value(
        self,
    ) -> ::std::result::Result<::serde_json::Value, ::serde_json::Error> {
        match self {
            Self::V1Alpha1(__sv_foobar) => Ok(::serde_json::to_value(__sv_foobar)?),
            Self::V1Beta1(__sv_foobar) => Ok(::serde_json::to_value(__sv_foobar)?),
            Self::V1(__sv_foobar) => Ok(::serde_json::to_value(__sv_foobar)?),
        }
    }
}
#[automatically_derived]
#[derive(Copy, Clone, Debug)]
pub enum FooBarVersion {
    V1Alpha1,
    V1Beta1,
    V1,
}
#[automatically_derived]
impl ::std::fmt::Display for FooBarVersion {
    fn fmt(
        &self,
        f: &mut ::std::fmt::Formatter<'_>,
    ) -> ::std::result::Result<(), ::std::fmt::Error> {
        f.write_str(self.as_version_str())
    }
}
#[automatically_derived]
impl FooBarVersion {
    pub fn as_version_str(&self) -> &str {
        match self {
            V1Alpha1 => "v1alpha1",
            V1Beta1 => "v1beta1",
            V1 => "v1",
        }
    }
    pub fn as_api_version_str(&self) -> &str {
        match self {
            V1Alpha1 => "stackable.tech/v1alpha1",
            V1Beta1 => "stackable.tech/v1beta1",
            V1 => "stackable.tech/v1",
        }
    }
    pub fn from_api_version(
        api_version: &str,
    ) -> Result<Self, ::stackable_versioned::UnknownDesiredApiVersionError> {
        match api_version {
            "stackable.tech/v1alpha1" => Ok(Self::V1Alpha1),
            "stackable.tech/v1beta1" => Ok(Self::V1Beta1),
            "stackable.tech/v1" => Ok(Self::V1),
            _ => {
                Err(::stackable_versioned::UnknownDesiredApiVersionError {
                    api_version: api_version.to_owned(),
                })
            }
        }
    }
}
