error: submodules must only define `use` statements
 --> tests/inputs/fail/submodule_use_statement.rs:7:13
  |
7 |             struct Foo;
  |             ^^^^^^
